[
  {
    "id": "webbie-id-0",
    "type": "h1",
    "text": "Welcome",
    "href": ""
  },
  {
    "id": "webbie-id-1",
    "type": "p",
    "text": "Here is a link without an href.",
    "href": ""
  },
  {
    "id": "webbie-id-2",
    "type": "text",
    "text": "I am not a link.",
    "href": ""
  },
  {
    "id": "webbie-id-3",
    "type": "text",
    "text": "First Name",
    "href": ""
  },
  {
    "id": "webbie-id-4",
    "type": "submit",
    "text": "Submit Here",
    "href": ""
  },
  {
    "id": "webbie-id-5",
    "type": "p",
    "text": "A link with no text content:",
    "href": ""
  },
  {
    "id": "webbie-id-6",
    "type": "button",
    "text": "A button with a paragraph inside",
    "href": ""
  }
]
